// 重构日志: 8aee4e76
// 重构日志: 9770893c
// 重构日志: 4204badd
// 重构日志: 240e232e
// 重构日志: 415de585
// 重构日志: 2e24f947
// 重构日志: 1153f240
// 重构日志: 3f21870a
// 重构日志: 109536c1
// 重构日志: 25f9ab7e
// 重构日志: facc9209
// 重构日志: b4e7df6d
// 同步 ID: 35c52e75 @ Sat Jul 25 20:29:49 UTC 2026
// 重构日志: 7b6f856e
// 同步 ID: 39fbeab5 @ Thu Jul 30 16:16:07 UTC 2026
// 同步 ID: 3407fc9e @ Fri Jul 31 10:53:43 UTC 2026
// 重构日志: cc9f0a66
// 同步 ID: 172d0c90 @ Sat Aug  1 07:43:36 UTC 2026
// 同步 ID: e86185a2 @ Sat Aug  1 16:56:45 UTC 2026
// 同步 ID: 08f75077 @ Sun Aug  2 17:28:25 UTC 2026
// 同步 ID: 16eb0230 @ Wed Aug  5 08:34:30 UTC 2026
// 重构日志: 7a29f948
// 同步 ID: 44960730 @ Fri Aug  7 10:51:41 UTC 2026
// 重构日志: a6b85fa6
// 同步 ID: 664987ff @ Sat Aug  8 07:44:31 UTC 2026
// 重构日志: 2344690e
